------------------------------------------------------------
Timing Analyzer Summary
------------------------------------------------------------

Type  : Slow 1100mV 85C Model Setup 'inst3|pll_inst|altera_pll_i|general[0].gpll~PLL_OUTPUT_COUNTER|divclk'
Slack : -5.465
TNS   : -5.465

Type  : Slow 1100mV 85C Model Setup 'VGA_SYNC:inst|horiz_sync_out'
Slack : -2.723
TNS   : -48.390

Type  : Slow 1100mV 85C Model Hold 'inst3|pll_inst|altera_pll_i|general[0].gpll~PLL_OUTPUT_COUNTER|divclk'
Slack : 0.371
TNS   : 0.000

Type  : Slow 1100mV 85C Model Hold 'VGA_SYNC:inst|horiz_sync_out'
Slack : 0.554
TNS   : 0.000

Type  : Slow 1100mV 85C Model Minimum Pulse Width 'VGA_SYNC:inst|horiz_sync_out'
Slack : -0.538
TNS   : -16.140

Type  : Slow 1100mV 85C Model Minimum Pulse Width 'inst3|pll_inst|altera_pll_i|general[0].gpll~FRACTIONAL_PLL|vcoph[0]'
Slack : 1.666
TNS   : 0.000

Type  : Slow 1100mV 85C Model Minimum Pulse Width 'inst3|pll_inst|altera_pll_i|general[0].gpll~PLL_OUTPUT_COUNTER|divclk'
Slack : 4.270
TNS   : 0.000

Type  : Slow 1100mV 85C Model Minimum Pulse Width 'CLOCK_50'
Slack : 4.949
TNS   : 0.000

Type  : Slow 1100mV 0C Model Setup 'inst3|pll_inst|altera_pll_i|general[0].gpll~PLL_OUTPUT_COUNTER|divclk'
Slack : -5.136
TNS   : -5.136

Type  : Slow 1100mV 0C Model Setup 'VGA_SYNC:inst|horiz_sync_out'
Slack : -2.848
TNS   : -49.253

Type  : Slow 1100mV 0C Model Hold 'inst3|pll_inst|altera_pll_i|general[0].gpll~PLL_OUTPUT_COUNTER|divclk'
Slack : 0.359
TNS   : 0.000

Type  : Slow 1100mV 0C Model Hold 'VGA_SYNC:inst|horiz_sync_out'
Slack : 0.585
TNS   : 0.000

Type  : Slow 1100mV 0C Model Minimum Pulse Width 'VGA_SYNC:inst|horiz_sync_out'
Slack : -0.538
TNS   : -16.170

Type  : Slow 1100mV 0C Model Minimum Pulse Width 'inst3|pll_inst|altera_pll_i|general[0].gpll~FRACTIONAL_PLL|vcoph[0]'
Slack : 1.666
TNS   : 0.000

Type  : Slow 1100mV 0C Model Minimum Pulse Width 'inst3|pll_inst|altera_pll_i|general[0].gpll~PLL_OUTPUT_COUNTER|divclk'
Slack : 4.187
TNS   : 0.000

Type  : Slow 1100mV 0C Model Minimum Pulse Width 'CLOCK_50'
Slack : 4.980
TNS   : 0.000

Type  : Fast 1100mV 85C Model Setup 'inst3|pll_inst|altera_pll_i|general[0].gpll~PLL_OUTPUT_COUNTER|divclk'
Slack : -3.518
TNS   : -3.518

Type  : Fast 1100mV 85C Model Setup 'VGA_SYNC:inst|horiz_sync_out'
Slack : -1.047
TNS   : -18.346

Type  : Fast 1100mV 85C Model Hold 'VGA_SYNC:inst|horiz_sync_out'
Slack : 0.169
TNS   : 0.000

Type  : Fast 1100mV 85C Model Hold 'inst3|pll_inst|altera_pll_i|general[0].gpll~PLL_OUTPUT_COUNTER|divclk'
Slack : 0.196
TNS   : 0.000

Type  : Fast 1100mV 85C Model Minimum Pulse Width 'VGA_SYNC:inst|horiz_sync_out'
Slack : 0.152
TNS   : 0.000

Type  : Fast 1100mV 85C Model Minimum Pulse Width 'inst3|pll_inst|altera_pll_i|general[0].gpll~FRACTIONAL_PLL|vcoph[0]'
Slack : 1.666
TNS   : 0.000

Type  : Fast 1100mV 85C Model Minimum Pulse Width 'inst3|pll_inst|altera_pll_i|general[0].gpll~PLL_OUTPUT_COUNTER|divclk'
Slack : 4.556
TNS   : 0.000

Type  : Fast 1100mV 85C Model Minimum Pulse Width 'CLOCK_50'
Slack : 4.643
TNS   : 0.000

Type  : Fast 1100mV 0C Model Setup 'inst3|pll_inst|altera_pll_i|general[0].gpll~PLL_OUTPUT_COUNTER|divclk'
Slack : -2.751
TNS   : -2.751

Type  : Fast 1100mV 0C Model Setup 'VGA_SYNC:inst|horiz_sync_out'
Slack : -0.908
TNS   : -15.508

Type  : Fast 1100mV 0C Model Hold 'inst3|pll_inst|altera_pll_i|general[0].gpll~PLL_OUTPUT_COUNTER|divclk'
Slack : 0.068
TNS   : 0.000

Type  : Fast 1100mV 0C Model Hold 'VGA_SYNC:inst|horiz_sync_out'
Slack : 0.155
TNS   : 0.000

Type  : Fast 1100mV 0C Model Minimum Pulse Width 'VGA_SYNC:inst|horiz_sync_out'
Slack : 0.149
TNS   : 0.000

Type  : Fast 1100mV 0C Model Minimum Pulse Width 'inst3|pll_inst|altera_pll_i|general[0].gpll~FRACTIONAL_PLL|vcoph[0]'
Slack : 1.666
TNS   : 0.000

Type  : Fast 1100mV 0C Model Minimum Pulse Width 'inst3|pll_inst|altera_pll_i|general[0].gpll~PLL_OUTPUT_COUNTER|divclk'
Slack : 4.547
TNS   : 0.000

Type  : Fast 1100mV 0C Model Minimum Pulse Width 'CLOCK_50'
Slack : 4.632
TNS   : 0.000

------------------------------------------------------------
