------------------------------------------------------------
Timing Analyzer Summary
------------------------------------------------------------

Type  : Slow 1100mV 85C Model Setup 'MOUSE:mouse_inst|MOUSE_CLK_FILTER'
Slack : -7.838
TNS   : -683.631

Type  : Slow 1100mV 85C Model Setup 'VGA_SYNC:inst|vert_sync_out'
Slack : -6.830
TNS   : -240.230

Type  : Slow 1100mV 85C Model Setup 'inst3|pll_inst|altera_pll_i|general[0].gpll~PLL_OUTPUT_COUNTER|divclk'
Slack : -5.949
TNS   : -46.893

Type  : Slow 1100mV 85C Model Hold 'inst3|pll_inst|altera_pll_i|general[0].gpll~PLL_OUTPUT_COUNTER|divclk'
Slack : -0.101
TNS   : -0.101

Type  : Slow 1100mV 85C Model Hold 'MOUSE:mouse_inst|MOUSE_CLK_FILTER'
Slack : 0.381
TNS   : 0.000

Type  : Slow 1100mV 85C Model Hold 'VGA_SYNC:inst|vert_sync_out'
Slack : 0.768
TNS   : 0.000

Type  : Slow 1100mV 85C Model Recovery 'MOUSE:mouse_inst|MOUSE_CLK_FILTER'
Slack : -6.441
TNS   : -102.973

Type  : Slow 1100mV 85C Model Removal 'MOUSE:mouse_inst|MOUSE_CLK_FILTER'
Slack : 5.305
TNS   : 0.000

Type  : Slow 1100mV 85C Model Minimum Pulse Width 'MOUSE:mouse_inst|MOUSE_CLK_FILTER'
Slack : -0.538
TNS   : -76.459

Type  : Slow 1100mV 85C Model Minimum Pulse Width 'VGA_SYNC:inst|vert_sync_out'
Slack : -0.538
TNS   : -42.905

Type  : Slow 1100mV 85C Model Minimum Pulse Width 'inst3|pll_inst|altera_pll_i|general[0].gpll~FRACTIONAL_PLL|vcoph[0]'
Slack : 1.666
TNS   : 0.000

Type  : Slow 1100mV 85C Model Minimum Pulse Width 'inst3|pll_inst|altera_pll_i|general[0].gpll~PLL_OUTPUT_COUNTER|divclk'
Slack : 4.316
TNS   : 0.000

Type  : Slow 1100mV 85C Model Minimum Pulse Width 'CLOCK_50'
Slack : 4.949
TNS   : 0.000

Type  : Slow 1100mV 0C Model Setup 'MOUSE:mouse_inst|MOUSE_CLK_FILTER'
Slack : -7.719
TNS   : -671.438

Type  : Slow 1100mV 0C Model Setup 'VGA_SYNC:inst|vert_sync_out'
Slack : -6.961
TNS   : -242.033

Type  : Slow 1100mV 0C Model Setup 'inst3|pll_inst|altera_pll_i|general[0].gpll~PLL_OUTPUT_COUNTER|divclk'
Slack : -5.616
TNS   : -42.407

Type  : Slow 1100mV 0C Model Hold 'inst3|pll_inst|altera_pll_i|general[0].gpll~PLL_OUTPUT_COUNTER|divclk'
Slack : -0.483
TNS   : -0.483

Type  : Slow 1100mV 0C Model Hold 'MOUSE:mouse_inst|MOUSE_CLK_FILTER'
Slack : 0.432
TNS   : 0.000

Type  : Slow 1100mV 0C Model Hold 'VGA_SYNC:inst|vert_sync_out'
Slack : 0.766
TNS   : 0.000

Type  : Slow 1100mV 0C Model Recovery 'MOUSE:mouse_inst|MOUSE_CLK_FILTER'
Slack : -6.431
TNS   : -102.817

Type  : Slow 1100mV 0C Model Removal 'MOUSE:mouse_inst|MOUSE_CLK_FILTER'
Slack : 5.490
TNS   : 0.000

Type  : Slow 1100mV 0C Model Minimum Pulse Width 'MOUSE:mouse_inst|MOUSE_CLK_FILTER'
Slack : -0.538
TNS   : -74.237

Type  : Slow 1100mV 0C Model Minimum Pulse Width 'VGA_SYNC:inst|vert_sync_out'
Slack : -0.538
TNS   : -42.528

Type  : Slow 1100mV 0C Model Minimum Pulse Width 'inst3|pll_inst|altera_pll_i|general[0].gpll~FRACTIONAL_PLL|vcoph[0]'
Slack : 1.666
TNS   : 0.000

Type  : Slow 1100mV 0C Model Minimum Pulse Width 'inst3|pll_inst|altera_pll_i|general[0].gpll~PLL_OUTPUT_COUNTER|divclk'
Slack : 4.210
TNS   : 0.000

Type  : Slow 1100mV 0C Model Minimum Pulse Width 'CLOCK_50'
Slack : 4.980
TNS   : 0.000

Type  : Fast 1100mV 85C Model Setup 'inst3|pll_inst|altera_pll_i|general[0].gpll~PLL_OUTPUT_COUNTER|divclk'
Slack : -4.080
TNS   : -30.860

Type  : Fast 1100mV 85C Model Setup 'MOUSE:mouse_inst|MOUSE_CLK_FILTER'
Slack : -3.762
TNS   : -329.052

Type  : Fast 1100mV 85C Model Setup 'VGA_SYNC:inst|vert_sync_out'
Slack : -3.199
TNS   : -110.498

Type  : Fast 1100mV 85C Model Hold 'inst3|pll_inst|altera_pll_i|general[0].gpll~PLL_OUTPUT_COUNTER|divclk'
Slack : -0.261
TNS   : -0.304

Type  : Fast 1100mV 85C Model Hold 'MOUSE:mouse_inst|MOUSE_CLK_FILTER'
Slack : 0.107
TNS   : 0.000

Type  : Fast 1100mV 85C Model Hold 'VGA_SYNC:inst|vert_sync_out'
Slack : 0.376
TNS   : 0.000

Type  : Fast 1100mV 85C Model Recovery 'MOUSE:mouse_inst|MOUSE_CLK_FILTER'
Slack : -3.040
TNS   : -48.613

Type  : Fast 1100mV 85C Model Removal 'MOUSE:mouse_inst|MOUSE_CLK_FILTER'
Slack : 2.795
TNS   : 0.000

Type  : Fast 1100mV 85C Model Minimum Pulse Width 'VGA_SYNC:inst|vert_sync_out'
Slack : -0.004
TNS   : -0.007

Type  : Fast 1100mV 85C Model Minimum Pulse Width 'MOUSE:mouse_inst|MOUSE_CLK_FILTER'
Slack : 0.003
TNS   : 0.000

Type  : Fast 1100mV 85C Model Minimum Pulse Width 'inst3|pll_inst|altera_pll_i|general[0].gpll~FRACTIONAL_PLL|vcoph[0]'
Slack : 1.666
TNS   : 0.000

Type  : Fast 1100mV 85C Model Minimum Pulse Width 'inst3|pll_inst|altera_pll_i|general[0].gpll~PLL_OUTPUT_COUNTER|divclk'
Slack : 4.560
TNS   : 0.000

Type  : Fast 1100mV 85C Model Minimum Pulse Width 'CLOCK_50'
Slack : 4.643
TNS   : 0.000

Type  : Fast 1100mV 0C Model Setup 'MOUSE:mouse_inst|MOUSE_CLK_FILTER'
Slack : -3.620
TNS   : -317.398

Type  : Fast 1100mV 0C Model Setup 'inst3|pll_inst|altera_pll_i|general[0].gpll~PLL_OUTPUT_COUNTER|divclk'
Slack : -3.180
TNS   : -23.299

Type  : Fast 1100mV 0C Model Setup 'VGA_SYNC:inst|vert_sync_out'
Slack : -3.103
TNS   : -104.168

Type  : Fast 1100mV 0C Model Hold 'inst3|pll_inst|altera_pll_i|general[0].gpll~PLL_OUTPUT_COUNTER|divclk'
Slack : -0.559
TNS   : -1.197

Type  : Fast 1100mV 0C Model Hold 'MOUSE:mouse_inst|MOUSE_CLK_FILTER'
Slack : 0.136
TNS   : 0.000

Type  : Fast 1100mV 0C Model Hold 'VGA_SYNC:inst|vert_sync_out'
Slack : 0.335
TNS   : 0.000

Type  : Fast 1100mV 0C Model Recovery 'MOUSE:mouse_inst|MOUSE_CLK_FILTER'
Slack : -2.981
TNS   : -47.665

Type  : Fast 1100mV 0C Model Removal 'MOUSE:mouse_inst|MOUSE_CLK_FILTER'
Slack : 2.808
TNS   : 0.000

Type  : Fast 1100mV 0C Model Minimum Pulse Width 'MOUSE:mouse_inst|MOUSE_CLK_FILTER'
Slack : 0.022
TNS   : 0.000

Type  : Fast 1100mV 0C Model Minimum Pulse Width 'VGA_SYNC:inst|vert_sync_out'
Slack : 0.029
TNS   : 0.000

Type  : Fast 1100mV 0C Model Minimum Pulse Width 'inst3|pll_inst|altera_pll_i|general[0].gpll~FRACTIONAL_PLL|vcoph[0]'
Slack : 1.666
TNS   : 0.000

Type  : Fast 1100mV 0C Model Minimum Pulse Width 'inst3|pll_inst|altera_pll_i|general[0].gpll~PLL_OUTPUT_COUNTER|divclk'
Slack : 4.552
TNS   : 0.000

Type  : Fast 1100mV 0C Model Minimum Pulse Width 'CLOCK_50'
Slack : 4.632
TNS   : 0.000

------------------------------------------------------------
